Apuntes de SAMBA

1. docker run --rm --name smb.edt.org -h smb.edt.org --net 2hisx -p 445:445 -p 139:139 --privileged -it keshikid03/samba21:base /bin/bash

2. nmap localhostg

3. apt-get install -y samba

# Encender los servicios 

root@smb:/opt/docker# /usr/sbin/smbd 
root@smb:/opt/docker# /usr/sbin/nmbd 

root@smb:/opt/docker# service smbd status
smbd is running.
root@smb:/opt/docker# 

4. Si fem lsof -i -P podem veure quins ports tenen obertes les aplicacions que s'executen al sistema.

root@smb:/opt/docker# lsof -i -P
COMMAND  PID USER   FD   TYPE DEVICE SIZE/OFF NODE NAME
smbd    1855 root   47u  IPv6 355132      0t0  TCP *:445 (LISTEN)
smbd    1855 root   48u  IPv6 355133      0t0  TCP *:139 (LISTEN)
smbd    1855 root   49u  IPv4 355134      0t0  TCP *:445 (LISTEN)
smbd    1855 root   50u  IPv4 355135      0t0  TCP *:139 (LISTEN)
nmbd    1862 root   14u  IPv4 348672      0t0  UDP *:137 
nmbd    1862 root   15u  IPv4 348673      0t0  UDP *:138 
nmbd    1862 root   16u  IPv4 348683      0t0  UDP smb.edt.org:137 
nmbd    1862 root   17u  IPv4 348684      0t0  UDP 172.19.255.255:137 
nmbd    1862 root   18u  IPv4 348685      0t0  UDP smb.edt.org:138 
nmbd    1862 root   19u  IPv4 348686      0t0  UDP 172.19.255.255:138 
root@smb:/opt/docker# 

# Els ports comuns que utilitza el dimoni smbd son el 445 i el 139

# 139 NETBIOS.

# 445 Microsoft DS AD - Compartició de Windows

5. Crear un nuevo fichero smb desde 0, hacer una copia del original.

cp smb.conf smb.conf.old

# Esborrar el contigut de SMB.conf


Hacer un nano smb.conf 

[global]
        workgroup = KESHISAMBA
        netbios name = KESHI
        host allow = 192.168.1.
 

6. Verificamos que funciona con un "testparm"

root@smb:/etc/samba# testparm
Load smb config files from /etc/samba/smb.conf
Unknown parameter encountered: "host allow"
Ignoring unknown parameter "host allow"
Loaded services file OK.
Weak crypto is allowed
Server role: ROLE_STANDALONE

Press enter to see a dump of your service definitions

# Global parameters
[global]
	netbios name = KESHI
	workgroup = KESHISAMBA
	idmap config * : backend = tdb
root@smb:/etc/samba# 


7. Crear una carpeta compartida



8. Instalar samba-client en un cliente.

apt-get install -y samba-client

8.1. Hay que modificar el smb.conf y en workgroup = [KESHIWORKGROUP]

8.2. Nos dará error por lo cuál tendremos que añadir estas 2 lineas:

CLIENTE:
client min protocol = NT1

SERVIDOR:
server min protocol = NT1

REINICIAR EN SERVIDOR

QUEDARÍA ASÍ EN SERVIDOR:

[global]
	workgroup = 2HISXKESHI
	server string = Samba Server Version %v
	netbios name = ALFA
	host allow = 172.19.0.
	server min protocol = NT1
	passdb backend = tdbsam
	security = user
	printing = cups
	printcap name = cups
	load printers = yes
	cups options = raw


9. Probar de entrar con smbclient -N -L IP [COMO ANONYMOUS]

root@ldap:/etc/samba# smbclient -N -L 172.19.0.2
Anonymous login successful

	Sharename       Type      Comment
	---------       ----      -------
	compartida      Disk      Compartida
	IPC$            IPC       IPC Service (Samba Server Version 4.13.13-Debian)
Reconnecting with SMB1 for workgroup listing.
Anonymous login successful

	Server               Comment
	---------            -------

	Workgroup            Master
	---------            -------
	2HISXKESHI           ALFA
root@ldap:/etc/samba# 


10. Crear los shares de DOC MAN y PUBLIC.

root@smb:/etc/samba# cat smb.conf
[global]
	workgroup = 2HISXKESHI
	server string = Samba Server Version %v
	netbios name = ALFA
	host allow = 172.19.0.
	server min protocol = NT1
	passdb backend = tdbsam
	security = user
	printing = cups
	printcap name = cups
	load printers = yes
	cups options = raw


[homes]
        comment = Home Directories
        browseable = no
        writable = yes
;       valid users = %S
;       valid users = MYDOMAIN\%S

[printers]
        comment = All Printers
        path = /var/spool/samba
        browseable = no
        guest ok = no
        writable = no
        printable = yes

[documentation]
        comment = Documentaci doc del container
        path = /usr/share/doc
        public = yes
        browseable = yes
        writable = no
        printable = no
        guest ok = yes
[manpages]
        comment = Documentaci�a del container
        path = /usr/share/man
        public = yes
        browseable = yes
        writable = no
        printable = no
        guest ok = yes
[public]
        comment = Share de contingut public
        path = /var/lib/samba/public
        public = yes
        browseable = yes
        writable = yes
        printable = no
        guest ok = yes
[privat]
        comment = Share d acceivat
        path = /var/lib/samba/privat
        public = no
        browseable = no
        writable = yes
        printable = no
        guest ok = yes


[compartida]
	comment = Compartida
	path = /opt/docker/compartida
	guest account = nobody
	guest ok = Yes
	read only = No

# Crear las carpetas que falten

NOS QUEDA ASÍ DE MOMENTO:

root@smb:/etc/samba# cat smb.conf
[global]
	workgroup = 2HISXKESHI
	server string = Samba Server Version %v
	netbios name = ALFA
	host allow = 172.19.0.
	server min protocol = NT1
	passdb backend = tdbsam
	security = user
	printing = cups
	printcap name = cups
	load printers = yes
	cups options = raw


#[homes]
#        comment = Home Directories
#        browseable = no
#        writable = yes
#;       valid users = %S
#;       valid users = MYDOMAIN\%S

[printers]
        comment = All Printers
        path = /var/spool/samba
        browseable = no
        guest ok = no
        writable = no
        printable = yes

[documentation]
        comment = Documentacio doc del container
        path = /usr/share/doc
        public = yes
        browseable = yes
        read only = yes
        printable = no
        guest ok = yes

[manpages]
        comment = Documentacio del container
        path = /usr/share/man
        public = yes
        browseable = yes
        read only = yes
        printable = no
        guest ok = yes

[public]
        comment = Share de contingut public
        path = /var/lib/samba/public
        public = yes
        browseable = yes
        writable = yes
        printable = no
        guest ok = yes

[privat]
        comment = Share d acceivat
        path = /var/lib/samba/privat
        public = no
        browseable = no
        writable = yes
        printable = no
        guest ok = yes


[compartida]
	comment = Compartida
	path = /opt/docker/compartida
	guest account = nobody
	guest ok = Yes
	read only = No



11. Crear los usuarios locales y luego de SAMBA.

useradd -m -s /bin/bash smbunix01
useradd -m -s /bin/bash smbunix02
useradd -m -s /bin/bash smbunix03

echo -e "smbunix01\nsmbunix01\n" | passwd smbunix01
echo -e "smbunix02\nsmbunix02\n" | passwd smbunix02
echo -e "smbunix03\nsmbunix03\n" | passwd smbunix03

root@smb:/etc/samba# smbpasswd -a smbunix01
New SMB password:
Retype new SMB password:
Added user smbunix01.
root@smb:/etc/samba# smbpasswd -a smbunix02
New SMB password:
Retype new SMB password:
Added user smbunix02.
root@smb:/etc/samba# smbpasswd -a smbunix03
New SMB password:
Retype new SMB password:
Added user smbunix03.
root@smb:/etc/samba# 

# Verificamos con un pdbedit -w -L

smbunix01:1000:XXXXXXXXXXXXXXXXXXXXXXXXXXXXXXXX:59E10F5CB15EB30AC0365D0D153DB325:[U          ]:LCT-61D8E3AB:
smbunix03:1002:XXXXXXXXXXXXXXXXXXXXXXXXXXXXXXXX:76B33FD2ECBFFA9002F39277E7A505E3:[U          ]:LCT-61D8E3DA:
smbunix02:1001:XXXXXXXXXXXXXXXXXXXXXXXXXXXXXXXX:DFA6BA2F2C76857FF44F1E18E41DF521:[U          ]:LCT-61D8E3D2:
root@smb:/etc/samba# 



12. Probamos de acceder via SMBCLIENT o por NAUTILUS

TERMINAL:

keshi@KeshiKiD03:/etc/samba$ smbclient '\\172.19.0.2\compartida'
Enter 2HISXKESHI\keshi's password: 
Anonymous login successful
Try "help" to get a list of possible commands.
smb: \> ls 
  .                                   D        0  Sat Jan  8 01:59:24 2022
  ..                                  D        0  Sat Jan  8 01:05:22 2022
  hola.txt                            N        0  Sat Jan  8 01:59:24 2022

		154789264 blocks of size 1024. 129033216 blocks available
smb: \> exit


--- Probamos de conectar con algún usuario de SAMBA el recurso compartido

root@ldap:/etc/samba# smbclient -U smbunix01 -L 172.19.0.2
Enter 2HISXKESHI\smbunix01's password: 

	Sharename       Type      Comment
	---------       ----      -------
	documentation   Disk      Documentacio doc del container
	manpages        Disk      Documentacio del container
	public          Disk      Share de contingut public
	compartida      Disk      Compartida
	IPC$            IPC       IPC Service (Samba Server Version smb)
Reconnecting with SMB1 for workgroup listing.

	Server               Comment
	---------            -------

	Workgroup            Master
	---------            -------
	2HISXKESHI           ALFA
root@ldap:/etc/samba# 

------------------

# Accediendo a la carpeta compartida

root@ldap:/etc/samba# smbclient -U smbunix01  //172.19.0.2/compartida
Enter 2HISXKESHI\smbunix01's password: 
Try "help" to get a list of possible commands.
smb: \> ls
  .                                   D        0  Sat Jan  8 00:59:24 2022
  ..                                  D        0  Sat Jan  8 00:05:22 2022
  hola.txt                            N        0  Sat Jan  8 00:59:24 2022

		154789264 blocks of size 1024. 129033592 blocks available
smb: \> 




NAUTILUS:

Abrir una carpeta y Other Locations --> smb://IP

13. ORDENES DE CLIENTE

SMBTREE

SMBCLIENT (-N PARA ANONYMOUS -U DE USUARIO)

SMBGET

14. Montar con -t cifs

Abrir una máquina PAM:LDAP

Instalar el cifs-utils, samba-client y el ldap-utils.

Modificar el pam_mount.conf.xml y dejar la siguiente línea.

--
    <volume
       user="*"
       fstype="cifs"
       server="smb.edt.org"
       path="%(USER)"
       mountpoint="~/%(USER)"
       options="size=100M" 
     />

--

Probar que nos monta primero manualmente con el comando mount.

mount -v -t cifs //smb.edt.org/pere /tmp/home/pere/pere -o user=pere,password=pere

Hay que crear primero la carpeta /home/pere para que se pueda montar correctamente.

Para desmontar es con el umount -t cifs /tmp/home/pere/pere


1. Iniciar sesión como usuario unix

2. Cambiarse a usuario ldap

3. Hacer el mount.










15.

16.

17.

18.

10.

10.

10.

10.
